<testsuite name="guild-agentdesk-dogfood" tests="1" failures="0">
  <testcase classname="dogfood" name="typescript-agentdesk-loop"/>
</testsuite>
